// Jest Snapshot v1, https://goo.gl/fbAQLP

exports[`Create Document (Invoice) should create document and generate a correct command 1`] = `"PD94bWwgdmVyc2lvbj0iMS4wIiBlbmNvZGluZz0idXRmLTgiPz48RmFjdHVyYUVsZWN0cm9uaWNhIHhtbG5zPSJodHRwczovL2Nkbi5jb21wcm9iYW50ZXNlbGVjdHJvbmljb3MuZ28uY3IveG1sLXNjaGVtYXMvdjQuMy9mYWN0dXJhRWxlY3Ryb25pY2EiIHhtbG5zOmRzPSJodHRwOi8vd3d3LnczLm9yZy8yMDAwLzA5L3htbGRzaWcjIiB4bWxuczp4c2Q9Imh0dHA6Ly93d3cudzMub3JnLzIwMDEvWE1MU2NoZW1hIiB4bWxuczp4c2k9Imh0dHA6Ly93d3cudzMub3JnLzIwMDEvWE1MU2NoZW1hLWluc3RhbmNlIiB4c2k6c2NoZW1hTG9jYXRpb249Imh0dHBzOi8vY2RuLmNvbXByb2JhbnRlc2VsZWN0cm9uaWNvcy5nby5jci94bWwtc2NoZW1hcy92NC4zL2ZhY3R1cmFFbGVjdHJvbmljYSBodHRwczovL3d3dy5oYWNpZW5kYS5nby5jci9BVFYvQ29tcHJvYmFudGVFbGVjdHJvbmljby9kb2NzL2VzcXVlbWFzLzIwMTYvdjQuMy9GYWN0dXJhRWxlY3Ryb25pY2FfVjQuMy54c2QiPjxDbGF2ZT41MDYwMTA0MjQwMDAyMDY5MjAxNDIwMDEwMDAwMTAxMDAwMDAwMDAwMjEwMDAwMDAwMTwvQ2xhdmU+PENvZGlnb0FjdGl2aWRhZD4wMDAwMDQ8L0NvZGlnb0FjdGl2aWRhZD48TnVtZXJvQ29uc2VjdXRpdm8+MDAxMDAwMDEwMTAwMDAwMDAwMDI8L051bWVyb0NvbnNlY3V0aXZvPjxGZWNoYUVtaXNpb24+MjAyNC0wNC0wMVQwMDowMDowMC4wMDBaPC9GZWNoYUVtaXNpb24+PEVtaXNvcj48Tm9tYnJlPkVtaXNvciBuYW1lPC9Ob21icmU+PElkZW50aWZpY2FjaW9uPjxUaXBvPjAxPC9UaXBvPjxOdW1lcm8+MjA2OTIwMTQyPC9OdW1lcm8+PC9JZGVudGlmaWNhY2lvbj48Tm9tYnJlQ29tZXJjaWFsPmVtaXNvciBjb21lcmNpYWwgbmFtZTwvTm9tYnJlQ29tZXJjaWFsPjxVYmljYWNpb24+PFByb3ZpbmNpYT4yPC9Qcm92aW5jaWE+PENhbnRvbj4wNjwvQ2FudG9uPjxEaXN0cml0bz4wNDwvRGlzdHJpdG8+PEJhcnJpbz4wNjwvQmFycmlvPjxPdHJhc1NlbmFzPmRldGFpbHM8L090cmFzU2VuYXM+PC9VYmljYWNpb24+PFRlbGVmb25vPjxDb2RpZ29QYWlzPjUwNjwvQ29kaWdvUGFpcz48TnVtVGVsZWZvbm8+MTIzNDEyMzQ8L051bVRlbGVmb25vPjwvVGVsZWZvbm8+PEZheD48Q29kaWdvUGFpcz41MDY8L0NvZGlnb1BhaXM+PE51bVRlbGVmb25vPjEyMzQxMjM0PC9OdW1UZWxlZm9ubz48L0ZheD48Q29ycmVvRWxlY3Ryb25pY28+dGVzdEB0ZXN0LmNvbTwvQ29ycmVvRWxlY3Ryb25pY28+PC9FbWlzb3I+PFJlY2VwdG9yPjxOb21icmU+cmVjZWl2ZXIgbmFtZSBTUkw8L05vbWJyZT48SWRlbnRpZmljYWNpb24+PFRpcG8+MDE8L1RpcG8+PE51bWVybz4yMDY5MzAxNDM8L051bWVybz48L0lkZW50aWZpY2FjaW9uPjxOb21icmVDb21lcmNpYWw+cmVjZWl2ZXIgbmFtZTwvTm9tYnJlQ29tZXJjaWFsPjxVYmljYWNpb24+PFByb3ZpbmNpYT4yPC9Qcm92aW5jaWE+PENhbnRvbj4wNjwvQ2FudG9uPjxEaXN0cml0bz4wNDwvRGlzdHJpdG8+PEJhcnJpbz4wNjwvQmFycmlvPjxPdHJhc1NlbmFzPmRldGFpbHM8L090cmFzU2VuYXM+PC9VYmljYWNpb24+PFRlbGVmb25vPjxDb2RpZ29QYWlzPjUwNjwvQ29kaWdvUGFpcz48TnVtVGVsZWZvbm8+ODA4MDgwODA8L051bVRlbGVmb25vPjwvVGVsZWZvbm8+PEZheD48Q29kaWdvUGFpcz41MDY8L0NvZGlnb1BhaXM+PE51bVRlbGVmb25vPjgwODA4MDgwPC9OdW1UZWxlZm9ubz48L0ZheD48Q29ycmVvRWxlY3Ryb25pY28+dGVzdEB0ZXN0LmNvbTwvQ29ycmVvRWxlY3Ryb25pY28+PC9SZWNlcHRvcj48Q29uZGljaW9uVmVudGE+MDE8L0NvbmRpY2lvblZlbnRhPjxNZWRpb1BhZ28+MDE8L01lZGlvUGFnbz48RGV0YWxsZVNlcnZpY2lvPjxMaW5lYURldGFsbGU+PE51bWVyb0xpbmVhPjE8L051bWVyb0xpbmVhPjxDb2RpZ28+NzExMzMwMTAwMDAwMDwvQ29kaWdvPjxDYW50aWRhZD4xPC9DYW50aWRhZD48VW5pZGFkTWVkaWRhPlVuaWQ8L1VuaWRhZE1lZGlkYT48RGV0YWxsZT5kZXRhbGxlPC9EZXRhbGxlPjxQcmVjaW9Vbml0YXJpbz4xMDwvUHJlY2lvVW5pdGFyaW8+PE1vbnRvVG90YWw+MTA8L01vbnRvVG90YWw+PFN1YlRvdGFsPjEwPC9TdWJUb3RhbD48SW1wdWVzdG8+PENvZGlnbz4wMTwvQ29kaWdvPjxDb2RpZ29UYXJpZmE+MDg8L0NvZGlnb1RhcmlmYT48VGFyaWZhPjEzPC9UYXJpZmE+PE1vbnRvPjEuMzwvTW9udG8+PC9JbXB1ZXN0bz48TW9udG9Ub3RhbExpbmVhPjExLjM8L01vbnRvVG90YWxMaW5lYT48L0xpbmVhRGV0YWxsZT48L0RldGFsbGVTZXJ2aWNpbz48UmVzdW1lbkZhY3R1cmE+PENvZGlnb1RpcG9Nb25lZGE+PENvZGlnb01vbmVkYT5DUkM8L0NvZGlnb01vbmVkYT48VGlwb0NhbWJpbz41ODUuNjk8L1RpcG9DYW1iaW8+PC9Db2RpZ29UaXBvTW9uZWRhPjxUb3RhbFNlcnZHcmF2YWRvcz4wPC9Ub3RhbFNlcnZHcmF2YWRvcz48VG90YWxTZXJ2RXhlbnRvcz4wPC9Ub3RhbFNlcnZFeGVudG9zPjxUb3RhbE1lcmNhbmNpYXNHcmF2YWRhcz4xMDwvVG90YWxNZXJjYW5jaWFzR3JhdmFkYXM+PFRvdGFsTWVyY2FuY2lhc0V4ZW50YXM+MDwvVG90YWxNZXJjYW5jaWFzRXhlbnRhcz48VG90YWxHcmF2YWRvPjEwPC9Ub3RhbEdyYXZhZG8+PFRvdGFsRXhlbnRvPjA8L1RvdGFsRXhlbnRvPjxUb3RhbEV4b25lcmFkbz4wPC9Ub3RhbEV4b25lcmFkbz48VG90YWxWZW50YT4xMDwvVG90YWxWZW50YT48VG90YWxEZXNjdWVudG9zPjA8L1RvdGFsRGVzY3VlbnRvcz48VG90YWxWZW50YU5ldGE+MTA8L1RvdGFsVmVudGFOZXRhPjxUb3RhbEltcHVlc3RvPjEuMzwvVG90YWxJbXB1ZXN0bz48VG90YWxDb21wcm9iYW50ZT4xMS4zPC9Ub3RhbENvbXByb2JhbnRlPjwvUmVzdW1lbkZhY3R1cmE+PC9GYWN0dXJhRWxlY3Ryb25pY2E+"`;
